<!doctype html>
<html lang="en">
  <head>
    <title>My amazing blog!</title>
    <meta charset="UTF-8" />
    <meta
      name="description"
      content="Wor, like and subscribe, it really helps the channel guys"
      lang="en"
    />
  </head>
  <body>
    <nav role="navigation">
      <div>
        <h1>
          <ul>
            <li><a href="/">home</a></li>
            <li><a href="about">about</a></li>
            <li><a href="archive">archive</a></li>
          </ul>
        </h1>
      </div>
    </nav>
    <main>
<ol>
  <li><a href="/hello-world">hello world</a></li>
  <li><a href="/hello-mars">hello mars</a></li>
  <li><a href="/hello-jupiter">hello jupiter</a></li>
</ol>
</main>
<footer>
  <ul>
    <li><a href="https://twitter.com/quii">Twitter</a></li>
    <li><a href="https://github.com/quii">Github</a></li>
  </ul>
</footer>
</body>
</html>
