<!doctype html>
<html lang="en">
  <head>
    <title>My amazing blog!</title>
    <meta charset="UTF-8" />
    <meta
      name="description"
      content="Wor, like and subscribe, it really helps the channel guys"
      lang="en"
    />
  </head>
  <body>
    <nav role="navigation">
      <div>
        <h1>
          <ul>
            <li><a href="/">home</a></li>
            <li><a href="about">about</a></li>
            <li><a href="archive">archive</a></li>
          </ul>
        </h1>
      </div>
    </nav>
    <main>
<h1>hello jupiter</h1>

<p>This is a description of jupiter</p>

Tags:
<ul>
  <li>go jupiter</li>
  <li>tdd jupiter</li>
</ul>

<div class="postBody"><h1 id="index">Index</h1>

<ul>
<li>lists all of the posts, with hyperlinks to view the specific post</li>
</ul>

<h2 id="tests">Tests</h2>

<ul>
<li>same question, how would you test that</li>
</ul>
</div>

</main>
<footer>
  <ul>
    <li><a href="https://twitter.com/quii">Twitter</a></li>
    <li><a href="https://github.com/quii">Github</a></li>
  </ul>
</footer>
</body>
</html>
